../User/board/board.c:19:7:uart_rs485_hw_init	8	static
../User/board/board.c:36:7:HAL_UART_MspInit	40	static
../User/board/board.c:67:6:board_init	8	static
../User/board/board.c:79:6:FloatToStringX_XXX	24	static
../User/board/board.c:93:6:FloatToStringXX_XX	24	static
../User/board/board.c:108:6:FloatToStringXXX_X	24	static
../User/board/board.c:121:6:FloatToStringXXXX	24	static
../User/board/board.c:135:6:FloatToStringXXXXX	24	static
../User/board/board.c:152:6:lkv_lcd_float_to_string	16	static
../User/board/board.c:177:6:SystemClock_Config	88	static
../User/board/board.c:224:13:MX_ADC1_Init	24	static
../User/board/board.c:287:13:MX_DMA_Init	16	static
../User/board/board.c:305:13:MX_GPIO_Init	16	static
../User/board/board.c:326:6:Error_Handler	4	static,ignoring_inline_asm
